jadupl2@lxmq0007:~$ mkdir git_testing
----------------------------------------------------------------------------------------------------------------------------------------------- 15:55:27
jadupl2@lxmq0007:~$ cd git_testing/
----------------------------------------------------------------------------------------------------------------------------------------------- 15:55:31
jadupl2@lxmq0007:~/git_testing$ mkdir bin log tmp txt
----------------------------------------------------------------------------------------------------------------------------------------------- 15:56:10
jadupl2@lxmq0007:~/git_testing$ touch bin/file1.sh bin/file2.sh bin/file3.sh
----------------------------------------------------------------------------------------------------------------------------------------------- 15:57:07
jadupl2@lxmq0007:~/git_testing$ touch log/log1.log log/log2.log log/log3.log
----------------------------------------------------------------------------------------------------------------------------------------------- 15:57:33
jadupl2@lxmq0007:~/git_testing$ touch tmp/tmp1.tmp tmp/tmp2.tmp tmp.tmp3.tmp
----------------------------------------------------------------------------------------------------------------------------------------------- 15:58:13
jadupl2@lxmq0007:~/git_testing$ touch txt/notes1.txt txt/notes2.txt txt/notes3.txt
----------------------------------------------------------------------------------------------------------------------------------------------- 15:58:55
jadupl2@lxmq0007:~/git_testing$ tree
.
|-- bin
|   |-- file1.sh
|   |-- file2.sh
|   `-- file3.sh
|-- log
|   |-- log1.log
|   |-- log2.log
|   `-- log3.log
|-- tmp
|   |-- tmp1.tmp
|   `-- tmp2.tmp
|-- tmp.tmp3.tmp
`-- txt
    |-- notes1.txt
    |-- notes2.txt
    `-- notes3.txt

4 directories, 12 files
----------------------------------------------------------------------------------------------------------------------------------------------- 16:00:02
jadupl2@lxmq0007:~/git_testing$ pwd
/home/jadupl2/git_testing
----------------------------------------------------------------------------------------------------------------------------------------------- 16:00:31
jadupl2@lxmq0007:~/git_testing$ git init
Initialized empty Git repository in /home/jadupl2/git_testing/.git/
----------------------------------------------------------------------------------------------------------------------------------------------- 16:00:39
jadupl2@lxmq0007:~/git_testing$
jadupl2@lxmq0007:~/git_testing$ git status
# On branch master
#
# Initial commit
#
# Untracked files:
#   (use "git add <file>..." to include in what will be committed)
#
#       bin/
#       log/
#       tmp.tmp3.tmp
#       tmp/
#       txt/
nothing added to commit but untracked files present (use "git add" to track)
----------------------------------------------------------------------------------------------------------------------------------------------- 16:01:54
jadupl2@lxmq0007:~/git_testing$ git add .
----------------------------------------------------------------------------------------------------------------------------------------------- 16:01:59
jadupl2@lxmq0007:~/git_testing$
jadupl2@lxmq0007:~/git_testing$ git status
# On branch master
#
# Initial commit
#
# Changes to be committed:
#   (use "git rm --cached <file>..." to unstage)
#
#       new file:   bin/file1.sh
#       new file:   bin/file2.sh
#       new file:   bin/file3.sh
#       new file:   log/log1.log
#       new file:   log/log2.log
#       new file:   log/log3.log
#       new file:   tmp.tmp3.tmp
#       new file:   tmp/tmp1.tmp
#       new file:   tmp/tmp2.tmp
#       new file:   txt/notes1.txt
#       new file:   txt/notes2.txt
#       new file:   txt/notes3.txt
#
----------------------------------------------------------------------------------------------------------------------------------------------- 16:02:17
jadupl2@lxmq0007:~/git_testing$
jadupl2@lxmq0007:~/git_testing$ git commit -m "Initial Commit"
[master (root-commit) 88a341d] Initial Commit
 Committer: Jacques Duplessis <jadupl2@lxmq0007.slac.ca>
Your name and email address were configured automatically based
on your username and hostname. Please check that they are accurate.
You can suppress this message by setting them explicitly:

    git config --global user.name "Your Name"
    git config --global user.email you@example.com

After doing this, you may fix the identity used for this commit with:

    git commit --amend --reset-author

 12 files changed, 0 insertions(+), 0 deletions(-)
 create mode 100644 bin/file1.sh
 create mode 100644 bin/file2.sh
 create mode 100644 bin/file3.sh
 create mode 100644 log/log1.log
 create mode 100644 log/log2.log
 create mode 100644 log/log3.log
 create mode 100644 tmp.tmp3.tmp
 create mode 100644 tmp/tmp1.tmp
 create mode 100644 tmp/tmp2.tmp
 create mode 100644 txt/notes1.txt
 create mode 100644 txt/notes2.txt
 create mode 100644 txt/notes3.txt
----------------------------------------------------------------------------------------------------------------------------------------------- 16:02:59
jadupl2@lxmq0007:~/git_testing$ git config --global user.name "Jacques Duplessis"
----------------------------------------------------------------------------------------------------------------------------------------------- 16:03:22
jadupl2@lxmq0007:~/git_testing$ git config --global user.email "jack.duplessis@standardlife.ca"
----------------------------------------------------------------------------------------------------------------------------------------------- 16:03:42
jadupl2@lxmq0007:~/git_testing$ git status
# On branch master
nothing to commit, working directory clean
----------------------------------------------------------------------------------------------------------------------------------------------- 16:04:02
jadupl2@lxmq0007:~/git_testing$

