-----
Sat 19 Dec 2015 08:20:15 AM EST 

Config after install
root@raspberrypi:~# sar
Cannot open /var/log/sysstat/sa19: No such file or directory
Please check if data collecting is enabled in /etc/default/sysstat
root@raspberrypi:~# 
root@raspberrypi:~# 
-----
root@raspberrypi:~# cat /etc/default/sysstat
#
# Default settings for /etc/init.d/sysstat, /etc/cron.d/sysstat
# and /etc/cron.daily/sysstat files
#

# Should sadc collect system activity informations? Valid values
# are "true" and "false". Please do not put other values, they
# will be overwritten by debconf!
ENABLED="false"

root@raspberrypi:~# 
root@raspberrypi:~# vi /etc/default/sysstat

root@raspberrypi:~# cat /etc/default/sysstat
#
# Default settings for /etc/init.d/sysstat, /etc/cron.d/sysstat
# and /etc/cron.daily/sysstat files
#

# Should sadc collect system activity informations? Valid values
# are "true" and "false". Please do not put other values, they
# will be overwritten by debconf!
ENABLED="true"

root@raspberrypi:~# 

-----
root@raspberrypi:~# /etc/init.d/sysstat restart
[ ok ] Starting the system activity data collector: sadc.
root@raspberrypi:~# 

-----
START ON REBOOT

root@raspberrypi:~# update-rc.d sysstat defaults
update-rc.d: using dependency based boot sequencing
update-rc.d: warning: default stop runlevel arguments (0 1 6) do not match sysstat Default-Stop values (none)
root@raspberrypi:~# 

-----
Run every 5 minutes

root@raspberrypi:/etc/cron.d# cat sysstat 
# The first element of the path is a directory where the debian-sa1
# script is located
PATH=/usr/lib/sysstat:/usr/sbin:/usr/sbin:/usr/bin:/sbin:/bin

# Activity reports every 10 minutes everyday
#5-55/10 * * * * root command -v debian-sa1 > /dev/null && debian-sa1 1 1
*/5 * * * * root command -v debian-sa1 > /dev/null && debian-sa1 1 1

# Additional run at 23:59 to rotate the statistics file
59 23 * * * root command -v debian-sa1 > /dev/null && debian-sa1 60 2
root@raspberrypi:/etc/cron.d# 


