root@tubuntu1604:/opt/sadmin# date
Sat Apr 28 06:18:15 PDT 2018

root@tubuntu1604:/opt/sadmin# uname -a
Linux tubuntu1604 4.4.0-116-generic #140-Ubuntu SMP Mon Feb 12 21:23:04 UTC 2018 x86_64 x86_64 x86_64 GNU/Linux

root@tubuntu1604:/opt/sadmin# lsb_release -a
No LSB modules are available.
Distributor ID:	Ubuntu
Description:	Ubuntu 16.04.4 LTS
Release:	16.04
Codename:	xenial

root@tubuntu1604:~# cd /opt
root@tubuntu1604:/opt# ls -l
total 0

root@tubuntu1604:/opt# 
root@tubuntu1604:/opt# sftp -P32 jacques@holmes
The authenticity of host '[holmes]:32 ([192.168.1.12]:32)' can't be established.
ECDSA key fingerprint is SHA256:ZkHl9aG2qJ+UyOjfkDUKIFS+43iIsZ6pnX1z8ZvLI8o.
Are you sure you want to continue connecting (yes/no)? yes
Warning: Permanently added '[holmes]:32,[192.168.1.12]:32' (ECDSA) to the list of known hosts.
jacques@holmes's password: 
Connected to holmes.
sftp> cd /wsadmin/jack/version_history/
sftp> get sadmin_0.86_20180428.tgz
Fetching /wsadmin/jack/version_history/sadmin_0.86_20180428.tgz to sadmin_0.86_20180428.tgz
/wsadmin/jack/version_history/sadmin_0.86_20180428.tgz                              100%   20MB  19.8MB/s   00:00    
sftp> quit
root@tubuntu1604:/opt# 
root@tubuntu1604:/opt# ls -l 
total 20288
-rw-r--r-- 1 root root 20772504 Apr 28 06:16 sadmin_0.86_20180428.tgz

root@tubuntu1604:/opt# mkdir sadmin

root@tubuntu1604:/opt# cd sadmin

root@tubuntu1604:/opt/sadmin# tar -xvzf ../sadmin_0.86_20180428.tgz 

root@tubuntu1604:/opt/sadmin# cd setup/
root@tubuntu1604:/opt/sadmin/setup# ./setup.sh 
root@tubuntu1604:/opt/sadmin/setup/bin# ./sadm_setup.py 
SADMIN Setup V2.0
---------------------------------------------------------------------------
SADMIN Environment variable is now set to /opt/sadmin
  - The line below is now in /etc/profile.d/sadmin.sh
  - SADMIN=/opt/sadmin
  - This make sure 'SADMIN' environment variable is set upon reboot
  - Initial SADMIN configuration file (/opt/sadmin/cfg/sadmin.cfg) in place
 
 
----------
[SADM_HOST_TYPE]
Specify if this host is to become a SADMIN [C]lient or [S]erver.
Host will be a SADMIN [S]erver or a [C]lient [C] : s
[SADM_HOST_TYPE] set to 'S' in /opt/sadmin/cfg/sadmin.cfg
 
----------
[SADM_CIE_NAME]
This name that will appear in the heading of the web interface
and on some report and email that SADMIN produce.
Enter your Company Name : The Batcave
[SADM_CIE_NAME] set to 'The Batcave' in /opt/sadmin/cfg/sadmin.cfg
 
----------
[SADM_MAIL_ADDR]
This field specify the email address of the system administrator.
It is used by SADMIN Tools to send various email.
Enter System Administrator Email : batman@batcave.com
[SADM_MAIL_ADDR] set to 'batman@batcave.com' in /opt/sadmin/cfg/sadmin.cfg
 
----------
[SADM_MAIL_TYPE]
Default option for sending email after a script is finish.
Can be overridden by changing SADM_MAIL_TYPE in SADMIN section of your script.
[0] = Never send email.
[1] = Only send the log when script finish with error (Default)
[2] = Only send the log when script finish with success.
[3] = Always send the script log when script finish.
Enter default email type [1] : 
[SADM_MAIL_TYPE] set to '1' in /opt/sadmin/cfg/sadmin.cfg
 
----------
[SADM_DOMAIN]
Enter the default Domain Name to use when you will be adding a new server.
Default domain name [maison.ca] : 
[SADM_DOMAIN] set to 'maison.ca' in /opt/sadmin/cfg/sadmin.cfg
 
----------
[SADM_SERVER]
Enter the name of the SADMIN Server - (MUST be a fully qualified domain name)
This name can't be an alias in the DNS, it must be the real name of the server.
It MUST be the result of the 'hostname' command on the SADMIN server.
Enter SADMIN (FQDN) server name [tubuntu1604.maison.ca] : 
Validating server name ...
[SADM_SERVER] set to 'tubuntu1604.maison.ca' in /opt/sadmin/cfg/sadmin.cfg
 
----------
[SADM_MAX_LOGLINE]
Every time a script (python or bash script) that use SADMIN Tools is run,
it produce a log, in the dedicated directory ${SADMIN}/log.

    - The name of the Log file is "[HOSTNAME]_[NAME_OF_SCRIPT].log".
    - Log file are cumulative by default, but it can be overriden if you want.
    - This number indicate the maximum of lines you want to keep in your log.
    - This help keeping our log to a reasonnable size.

Maximum number of lines in LOG file [1000] : 
[SADM_MAX_LOGLINE] set to '1000' in /opt/sadmin/cfg/sadmin.cfg
 
----------
[SADM_MAX_RCHLINE]
When a (python or shell) script using the SADMIN tools start and ends,
it record the date/time and the ending status of your script in what we call
a RCH file ([R]eturn [C]ode [H]istory] file).

     - The RCH file name are "[HOSTNAME]_[NAME_OF_SCRIPT].rch"
     - They are located in the directory ${SADM_BASE_DIR}/dat/rch.
     - This number represent the maximum number of lines that each RCH file can contain.

A value of 100 lines is recommended.
This will keep an history of 50 days and is the default value.
Maximum number of lines in RCH file [100] : 
[SADM_MAX_RCHLINE] set to '100' in /opt/sadmin/cfg/sadmin.cfg
 
----------
[SADM_GROUP]
This is the primary user group that have access to all SADMIN directories.
    - All files in the $SADMIN directories are own by this group.
    - If others users need to access or used scripts located in $SADMIN,
      they must be part of this group.
    - The SADMIN default user group is 'sadmin'.

Enter SADMIN User Group [sadmin] : 
Group sadmin is an existing group
[SADM_GROUP] set to 'sadmin' in /opt/sadmin/cfg/sadmin.cfg
 
----------
[SADM_USER]
Main SADMIN user that have access to all SADMIN directories and files.
    - This user will be assign to the SADMIN user group you just specified.
    - The SADMIN default user name is 'sadmin'.

Enter the default user name [sadmin] : 
User sadmin is an existing user
Add user sadmin to group sadmin
[SADM_USER] set to 'sadmin' in /opt/sadmin/cfg/sadmin.cfg
 
Setting /opt/sadmin ownership : find /opt/sadmin -exec chown sadmin.sadmin {} \;
 
----------
[SADM_SSH_PORT]
TCP/IP Port used for SSH.
SSH port number to connect to client [22] : 
[SADM_SSH_PORT] set to '22' in /opt/sadmin/cfg/sadmin.cfg
 
----------
[SADM_NETWORK1]
Every day SADMIN will check the IP utilisation on your network.
    - The result will be visible on SADMIN network web page.
    - You will be able to tell what IP are in use or not (respond to ping),
      and what DNS name each IP has (if any).
    - It will facilitate, the clean up of your DNS and IP usage.
    - Network should be specify in this form, '192.168.1.0"

Enter the network IP [192.168.1.0] : 
 
----------
[SADM_NETMASK1]
Every day SADMIN will check the IP utilisation on your network.
    - The result will be visible on SADMIN network web page.
    - You will be able to tell what IP are in use or not (respond to ping),
      and what DNS name each IP has (if any).
    - It will facilitate, the clean up of your DNS and IP usage.
    - Netmask should specify the number bits use (1-30) (Default 24)

Enter the Network Netmask [1-30] [24] : 
[SADM_NETWORK1] set to '192.168.1.0/24' in /opt/sadmin/cfg/sadmin.cfg
 
--------------------
Checking SADMIN Client Package requirement
 
Running apt-get update... Done 
Checking for nmon ...  Ok 
Checking for python3-pip ...  Ok 
Checking for bc ...  Ok 
Checking for gawk ...  Ok 
Checking for ethtool ...  Ok 
Checking for util-linux ...  Ok 
Checking for mailutils ...  Ok 
Checking for facter ...  Ok 
Checking for lsb-release ...  Ok 
Checking for libdatetime-perl libwww-perl ...  Ok 
Checking for perl-base ...  Ok 
Checking for openssh-client ...  Ok 
Checking for parted ...  Ok 
Checking for util-linux ...  Ok 
Checking for sudo ...  Ok 
Checking for net-tools ...  Ok 
Checking for dmidecode ...  Ok 
Checking for lshw ...  Ok 
Installing python3 PyMySQL module ...  Done 

--------------------
Creating 'sadmin' user sudo file
Creating SADMIN sudo file (/etc/sudoers.d/033_sadmin-nopasswd)
Permission on sudo file changed successfully
Ownership of sudo file changed successfully

--------------------
Creating SADMIN Client Crontab file (/etc/cron.d/sadm_client)
Client Crontab Permission changed successfully
Ownership of client crontab changed successfully

----------
Adding 'sadmin' to /etc/hosts file
 
--------------------
Checking SADMIN Server Package requirement
 
Running apt-get update... Done 
Checking for mariadb-server mariadb-client ...  Ok 
Checking for arp-scan ...  Ok 
Checking for apache2 apache2-utils libapache2-mod-php ...  Ok 
Checking for php php-mysql php-common php-cli  ...  Ok 
Checking for rrdtool ...  Ok 
Checking for fping monitoring-plugins-standard ...  Ok 
  
--------------------
Setup SADMIN MariaDB Database
  
Starting MariaDB Service - systemctl restart mysql.service
Enabling MariaDB Service - systemctl enable mysql.service
 
----------
[SADM_ROOT]
This is MySQL Database 'root' user password.
If the password isn't currently set, it will be set to the one you will enter.
If the password is currently set, we will test Database connection using it.
Enter MySQL Database 'root' user password : 
Access to Database is working ...

Database 'sadmin' already exist !
Do you want to reload initial 'sadmin' Database (Will erase actual content) (Y/N) [N] ? 

Checking if 'sadmin' user exist in MariaDB ... User 'sadmin' already exist
Checking if 'squery' user exist in MariaDB ... User 'squery' already exist

Restarting MariaDB Server ... Done 
  
  
--------------------
Setup SADMIN Web Site
  
Making sure Web Server is started - systemctl restart apache2
Disable default apache configuration
SADMIN Web Site enable
  - SADMIN Web site configuration now in place (/etc/apache2/sites-enabled/sadmin.conf)
  - Record Apache Process Owner in SADMIN configuration (/opt/sadmin/cfg/sadmin.cfg)
  - Setting Owner/Group on SADMIN WebSite(/opt/sadmin/www) ...  Done 
  - Setting Permission on SADMIN WebSite (/opt/sadmin/www) ...  Done 
  - Setting Permission on SADMIN WebSite images (/opt/sadmin/www/images) ...  Done 
  - Web Server Restarting - systemctl restart apache2 ... Done 
  - Enabling Web Server Service - systemctl enable apache2 ...  Done 

--------------------
Creating SADMIN Server Crontab file (/etc/cron.d/sadm_server)
Server Crontab Permission changed successfully
Ownership of Server crontab changed successfully
  
  
--------------------
Run SADM scripts to feed Database and Web Interface
  
Running '/opt/sadmin/bin/sadm_create_server_info.sh' script ...  Done
Running '/opt/sadmin/bin/sadm_housekeeping_client.sh' script ...  Done
Running '/opt/sadmin/bin/sadm_fs_save_info.sh' script ...  Done
Running '/opt/sadmin/bin/sadm_create_cfg2html.sh' script ...  Done
Running '/opt/sadmin/bin/sadm_nmon_watcher.sh' script ...  Done
Running '/opt/sadmin/bin/sadm_sysmon.pl' script ...  Done
Running '/opt/sadmin/bin/sadm_fetch_servers.sh' script ...  Done
Running '/opt/sadmin/bin/sadm_daily_data_collection.sh' script ...  Done
Running '/opt/sadmin/bin/sadm_housekeeping_server.sh' script ...  Done
Running '/opt/sadmin/bin/sadm_subnet_lookup.py' script ...  Done
Running '/opt/sadmin/bin/sadm_database_update.py' script ...  Done





SADMIN TOOLS - VERSION sadmin_0.86_20180428 - Successfully Installed
===========================================================================
You need to logout and log back in before using SADMIN Tools,
or type the following command (The dot and the space are important)
. /etc/profile.d/sadmin.sh
This will make sure SADMIN environment variable is define.
===========================================================================

USE THE WEB INTERFACE TO ADMINISTRATE YOUR LINUX SERVER FARM
The Web interface is available at http://tubuntu1604.maison.ca
  - If 'sadmin.maison.ca' is defined in your DNS, the web interface is also available at http://sadmin.maison.ca
  - Use it to add, update and delete server from you server farm.
  - View performance graph of your servers, statistics are kept for 2 years.
  - If you want, you can automatically update your server O/S at the time and day you scheduled.
  - View you servers information (Network,Disks,...) (Usefull in case of a Disaster Recovery)
  - View your server farm network IP and name usage and spot if an IP free to use.
  - There is still more to come.
===========================================================================

CREATE YOU YOUR OWN SCRIPT USING SADMIN LIBRARY
To create your own script using the SADMIN tools, you may want to take a look 
at the templates, run them and view their code.
  - bash shell script      : /opt/sadmin/bin/sadm_template.sh 
  - python script          : /opt/sadmin/bin/sadm_template.py 
===========================================================================

VIEW THE SADMIN FUNCTION IN ACTION AND LEARN OF TO USE THEM RUNNING THESE :
  - /opt/sadmin/lib/sadmlib_test.sh 
  - /opt/sadmin/lib/sadmlib_test.py.
===========================================================================
ENJOY !!
You have new mail in /var/mail/root
root@tubuntu1604:/opt/sadmin/setup/bin# 

