# Company_Name - Mon Dec 14 05:06:02 CST 2015
# Output of /sbin/lvdisplay command on fedora23.maison.ca
#
  --- Logical volume ---
  LV Path                /dev/fedora_fedora23/swap
  LV Name                swap
  VG Name                fedora_fedora23
  LV UUID                iuaDe5-zXuM-yHS0-FGxz-2k0A-hU17-B5AhiV
  LV Write Access        read/write
  LV Creation host, time fedora23.maison.ca, 2015-11-04 15:18:48 -0600
  LV Status              available
  # open                 2
  LV Size                2.00 GiB
  Current LE             512
  Segments               1
  Allocation             inherit
  Read ahead sectors     auto
  - currently set to     256
  Block device           253:1
   
  --- Logical volume ---
  LV Path                /dev/fedora_fedora23/root
  LV Name                root
  VG Name                fedora_fedora23
  LV UUID                tGeiGE-FSyn-WuwR-kFBh-r3RR-2igL-eVKh5r
  LV Write Access        read/write
  LV Creation host, time fedora23.maison.ca, 2015-11-04 15:18:48 -0600
  LV Status              available
  # open                 1
  LV Size                47.50 GiB
  Current LE             12161
  Segments               1
  Allocation             inherit
  Read ahead sectors     auto
  - currently set to     256
  Block device           253:0
   
