Debian 9 Installation Notes
Problem to Solve




-----
17 Mars 2018 

root@mdebian9:~# 
root@mdebian9:~# cd /opt

root@mdebian9:/opt# ls -l
total 0

root@mdebian9:/opt# git clone https://jadupl2@bitbucket.org/jadupl2/sadmin.git
Cloning into 'sadmin'...
Password for 'https://jadupl2@bitbucket.org': 
remote: Counting objects: 6881, done.
remote: Compressing objects: 100% (3049/3049), done.
remote: Total 6881 (delta 4300), reused 5965 (delta 3607)
Receiving objects: 100% (6881/6881), 38.90 MiB | 7.71 MiB/s, done.
Resolving deltas: 100% (4300/4300), done.

root@mdebian9:/opt# ls -l
total 4
drwxr-xr-x 15 root root 4096 Mar 16 13:21 sadmin

root@mdebian9:/opt# cd SADMIN

root@mdebian9:/opt/sadmin# ls -l
total 88
drwxr-xr-x  2 root root  4096 Mar 16 13:21 bin
drwxr-xr-x  2 root root  4096 Mar 16 13:21 cfg
drwxr-xr-x  2 root root  4096 Mar 16 13:21 dat
drwxr-xr-x  4 root root  4096 Mar 16 13:21 doc
drwxr-xr-x  3 root root  4096 Mar 16 13:21 jac
drwxr-xr-x  2 root root  4096 Mar 16 13:21 lib
-rw-r--r--  1 root root 35141 Mar 16 13:21 LICENSE
drwxr-xr-x  2 root root  4096 Mar 16 13:21 log
drwxr-xr-x  9 root root  4096 Mar 16 13:21 pkg
-rw-r--r--  1 root root  4067 Mar 16 13:21 README.md
drwxr-xr-x  4 root root  4096 Mar 16 13:21 setup
drwxr-xr-x  2 root root  4096 Mar 16 13:21 sys
drwxr-xr-x  2 root root  4096 Mar 16 13:21 tmp
drwxr-xr-x 13 root root  4096 Mar 16 13:21 www

root@mdebian9:/opt/sadmin# cd setup/

root@mdebian9:/opt/sadmin/setup# ls
apache2  mysql  sadm_setup.py
root@mdebian9:/opt/sadmin/setup# ./sadm_setup.py 


SADMIN Setup V1.3
------------------
Enter directory path where your install SADMIN : /opt/sadmin
SADMIN Environment variable is now set to /opt/sadmin
      - The line below is now in /etc/environment now
      - SADMIN=/opt/sadmin
      - This will make sure it is set upon reboot
Initial SADMIN configuration file (/opt/sadmin/cfg/sadmin.cfg) is now in place
 
 
--------------------
[SADM_HOST_TYPE]
Specify if this host is to become a SADMIN [C]lient or [S]erver.
Host will be a SADMIN [S]erver or a [C]lient (S,C) : s
 
--------------------
[SADM_CIE_NAME]
This name that will appear in the heading of the web interface
and on some report and email that SADMIN produce.
Enter your Company Name  : The Batcave
 
--------------------
[SADM_MAIL_ADDR]
This field specify the email address of the system administrator.
It is used by SADMIN Tools to send various email.
For example, you can request that the log of a script be sent when an
error occured or every time is it run. (See SADM_MAIL_TYPE later on)
Multiple email can be specify, a comma must seperate each of them.
Enter System Administrator Email : batman@batcave.com
 
--------------------
[SADM_MAIL_TYPE]
Default option for sending email after a script is finish.
Can be overridden by changing SADM_MAIL_TYPE in SADMIN section of your script.

[0] = Never send email.
[1] = Only send the log when script finish with error (Default)
[2] = Only send the log when script finish with success.
[3] = Always send the script log when script finish.
Enter default email type : 1
 
--------------------
[SADM_SERVER]
Enter the name of the SADMIN Server - (MUST be a fully qualified domain name)
This name can't be an alias in the DNS, it must be the real name of the server.
This is the server where SADMIN Database and Web site will reside.
It MUST be the result of the 'hostname' command on the SADMIN server.
Enter SADMIN (FQDN) server name : mdebian9.maison.ca
Validating server name ...
 
--------------------
[SADM_MAX_LOGLINE]
Every time a script (python or bash script) that use SADMIN Tools is run,
it produce a log, in the dedicated directory ${SADMIN}/log.

    - The name of the Log file is "[HOSTNAME]_[NAME_OF_SCRIPT].log".
    - Log file are cumulative by default, but it can be overriden if you want.
    - This number indicate the maximum of lines you want to keep in your log.
    - This help keeping our log to a reasonnable size.

Default number is 1000 lines as a starting point.
Maximum number of lines in LOG file : 999
 
--------------------
[SADM_MAX_RCHLINE]
When a (python or shell) script using the SADMIN tools start and ends,
it record the date/time and the ending status of your script in what we call
a RCH file ([R]eturn [C]ode [H]istory] file).

     - The RCH file name are "[HOSTNAME]_[NAME_OF_SCRIPT].rch"
     - They are located in the directory ${SADM_BASE_DIR}/dat/rch.
     - This number represent the maximum number of lines that each RCH file can contain.

A value of 100 lines is recommended.
This will keep an history of 50 days and is the default value.

Maximum number of lines in RCH file : 99
 
--------------------
[SADM_DOMAIN]
Enter the default Domain Name to use when you will be adding a new server.
Default domain name : maison.ca
 
--------------------
[SADM_GROUP]
This is the primary user group that have access to all SADMIN directories.
    - All files in the $SADMIN directories are own by this group.
    - If others users need to access or used scripts located in $SADMIN,
      they must be part of this group.
    - The SADMIN default user group is 'sadmin'.

Enter SADMIN User Group : sadmin
Creating group sadmin
 
--------------------
[SADM_USER]
Main SADMIN user that have access to all SADMIN directories and files.
    - This user will be assign to the SADMIN user group you just specified.
    - The SADMIN default user name is 'sadmin'.

Enter the default user name : sadmin
Creating user sadmin
 
Change /opt/sadmin ownership : find /opt/sadmin -exec chown sadmin.sadmin {} \;
 
--------------------
[SADM_SSH_PORT]
TCP/IP Port used for SSH.
Default port is 22.

SSH port number to connect to client : 32
 
--------------------
[SADM_NETWORK1]
Every day SADMIN will check the IP utilisation on your network.
    - The result will be visible on SADMIN network web page.
    - You will be able to tell what IP are in use or not (respond to ping),
      and what DNS name each IP has (if any).
    - It will facilitate, the clean up of your DNS and IP usage.
    - Network should be specify in this form, '192.168.1.0"

Enter the network IP : 192.168.1.0
 
--------------------
[SADM_NETMASK]
Doc file /opt/sadmin/doc/cfg/sadm_netmask.txt not found, question skipped
Enter the Network Netmask [1-30] : 24


Checking SADMIN Client Package requirement
Running apt-get update... Done 
Checking for facter ... Installing facter ... Done
Checking for nmon ... Installing nmon ... Done
Checking for ethtool ... Installing ethtool ... Done
Checking for openssh-client ... Ok
Checking for util-linux ... Ok
Checking for bc ... Ok
Checking for lsb-release ... Ok
Checking for util-linux ... Ok
Checking for perl-base ... Ok
Checking for net-tools ... Ok
Checking for dmidecode ... Ok
Checking for lshw ... Installing lshw ... Done
Checking for mailutils ... Installing mailutils ... Done
Checking for libdatetime-perl libwww-perl ... Installing libdatetime-perl libwww-perl ... Done
Checking for parted ... Ok

Updating SADMIN sudo file (/etc/sudoers.d/033_sadmin-nopasswd)
SUDO Directory /etc/sudoers doesn't exist ?
Send log (/opt/sadmin/log/sadm_setup.log) and submit problem to support@sadmin.ca

Updating SADMIN Client Crontab file (/etc/cron.d/sadm_client)
Client Crontab Permission changed successfully
Ownership of client crontab changed successfully


Checking SADMIN Server Package requirement
Running apt-get update... Done 
Checking for php php-mysql php-common ... Installing php php-mysql php-common ... Done
Checking for mariadb-server mariadb-client ... Installing mariadb-server mariadb-client ... Done
Checking for rrdtool ... Installing rrdtool ... Done
Checking for apache2 apache2-utils ... Ok
  
----------
Setup SADMIN MySQL Database
 
--------------------
[SADM_ROOT]
Indicate the MySQL 'root' user.
If the MySQL 'root' user is not set, it will be set to the one you will enter.
If the MySQL 'root' user is set, we will use it to try to connect to the Database.
Enter MySQL Database 'root' user password : Icu@9am
Testing Access to Database ...
Database access succeeded
 
Securing MySQL Database ...
Database is now secured ... 
 
--------------------
[SADM_RW_DBPWD]
Enter the password for the SADMIN database read/write user "sadmin".
You can give this password to people who have permission to update
server information in the database.
Enter Read/Write 'sadmin' database user password : Nimdas17
 
--------------------
[SADM_RO_DBPWD]
Enter the password for the 'sadmin' database read only user "squery".
Give this password to people you want to consult server information,
but don't want them to modify any information in the Database.
Enter 'squery' database user password : Squery18
 
Loading SADMIN Database
Initial SADMIN Database is in place.
Return code is 0 - mysql -u root -pIcu@9am < /opt/sadmin/setup/mysql/dbload.sql
Standard out is 
Standard error is 
  
----------
Set up SADMIN Web Site

Updating /etc/hosts file
Apache process user name is www-data
Apache user group name is www-data
Configuration of SADMIN Web site is now in place
SADMIN Web Site enable
Disable default apache configuration
Initial SADMIN Web site configuration file in place.
Updating Web User and Group in SADMIN configuration file
Setting Owner/Group on SADMIN WebSite files (/opt/sadmin/www)
Web Site Owner and Group changed successfully
Setting access permission on SADMIN WebSite files (/opt/sadmin/www)
Web Site permission changed successfully
Web Server restarted successfully

Updating SADMIN Server Crontab file (/etc/cron.d/sadm_server)
Server Crontab Permission changed successfully
Ownership of Server crontab changed successfully


------------------------------
End of SADMIN Setup, you can now use the SADMIN Tools


TO CREATE YOUR OWN SCRIPT USING SADMIN LIBRARY
To create your own script using SADMIN, you may want to run and view the code of 
/opt/sadmin/bin/sadm_template.sh and /opt/sadmin/bin/sadm_template.py as a starting point
You may also want to run /opt/sadmin/lib/sadmlib_test.sh and /opt/sadmin/lib/sadmlib_test.py.
They will present all functions available to your shell or Python script


USE THE WEB INTERFACE TO ADMINISTRATE YOUR LINUX SERVER FARM
The web Interface is available at http://sadmin.maison.ca


