============================================================================================
root@mdebian9:/opt/sadmin/bin# /opt/sadmin/bin/sadm_prereq_install.sh
2018.02.23 14:55:56 Resynchronize package index files from their sources via Internet
/opt/sadmin/lib/sadmlib_std.sh: line 211: /opt/sadmin/log/mdebian9_sadm_prereq_install.log: No such file or directory
2018.02.23 14:55:56 Running "apt-get update"
/opt/sadmin/lib/sadmlib_std.sh: line 211: /opt/sadmin/log/mdebian9_sadm_prereq_install.log: No such file or directory
2018.02.23 14:56:02 Return Code after apt-get update is 0
/opt/sadmin/lib/sadmlib_std.sh: line 211: /opt/sadmin/log/mdebian9_sadm_prereq_install.log: No such file or directory
2018.02.23 14:56:02 Installing the Package nmon now
/opt/sadmin/lib/sadmlib_std.sh: line 211: /opt/sadmin/log/mdebian9_sadm_prereq_install.log: No such file or directory
2018.02.23 14:56:02 apt-get -y install nmon
/opt/sadmin/lib/sadmlib_std.sh: line 211: /opt/sadmin/log/mdebian9_sadm_prereq_install.log: No such file or directory
Reading package lists... Done
Building dependency tree       
Reading state information... Done
The following package was automatically installed and is no longer required:
  linux-image-4.9.0-4-amd64
Use 'apt autoremove' to remove it.
The following NEW packages will be installed:
  nmon
0 upgraded, 1 newly installed, 0 to remove and 0 not upgraded.
Need to get 64.1 kB of archives.
After this operation, 174 kB of additional disk space will be used.
Get:1 http://debian.mirror.iweb.ca/debian stretch/main amd64 nmon amd64 16f+debian-0.1 [64.1 kB]
Fetched 64.1 kB in 2s (24.8 kB/s)
Selecting previously unselected package nmon.
(Reading database ... 145896 files and directories currently installed.)
Preparing to unpack .../nmon_16f+debian-0.1_amd64.deb ...
Unpacking nmon (16f+debian-0.1) ...
Setting up nmon (16f+debian-0.1) ...
Processing triggers for man-db (2.7.6.1-2) ...
2018.02.23 14:56:16 Return Code after installation of nmon is 0
/opt/sadmin/lib/sadmlib_std.sh: line 211: /opt/sadmin/log/mdebian9_sadm_prereq_install.log: No such file or directory
2018.02.23 14:56:16  
/opt/sadmin/lib/sadmlib_std.sh: line 211: /opt/sadmin/log/mdebian9_sadm_prereq_install.log: No such file or directory
2018.02.23 14:56:17 Resynchronize package index files from their sources via Internet
/opt/sadmin/lib/sadmlib_std.sh: line 211: /opt/sadmin/log/mdebian9_sadm_prereq_install.log: No such file or directory
2018.02.23 14:56:17 Running "apt-get update"
/opt/sadmin/lib/sadmlib_std.sh: line 211: /opt/sadmin/log/mdebian9_sadm_prereq_install.log: No such file or directory
2018.02.23 14:56:20 Return Code after apt-get update is 0
/opt/sadmin/lib/sadmlib_std.sh: line 211: /opt/sadmin/log/mdebian9_sadm_prereq_install.log: No such file or directory
2018.02.23 14:56:20 Installing the Package ethtool now
/opt/sadmin/lib/sadmlib_std.sh: line 211: /opt/sadmin/log/mdebian9_sadm_prereq_install.log: No such file or directory
2018.02.23 14:56:20 apt-get -y install ethtool
/opt/sadmin/lib/sadmlib_std.sh: line 211: /opt/sadmin/log/mdebian9_sadm_prereq_install.log: No such file or directory
Reading package lists... Done
Building dependency tree       
Reading state information... Done
The following package was automatically installed and is no longer required:
  linux-image-4.9.0-4-amd64
Use 'apt autoremove' to remove it.
The following NEW packages will be installed:
  ethtool
0 upgraded, 1 newly installed, 0 to remove and 0 not upgraded.
Need to get 113 kB of archives.
After this operation, 381 kB of additional disk space will be used.
Get:1 http://debian.mirror.iweb.ca/debian stretch/main amd64 ethtool amd64 1:4.8-1+b1 [113 kB]
Fetched 113 kB in 1s (108 kB/s) 
Selecting previously unselected package ethtool.
(Reading database ... 145901 files and directories currently installed.)
Preparing to unpack .../ethtool_1%3a4.8-1+b1_amd64.deb ...
Unpacking ethtool (1:4.8-1+b1) ...
Processing triggers for man-db (2.7.6.1-2) ...
Setting up ethtool (1:4.8-1+b1) ...
2018.02.23 14:56:24 Return Code after installation of ethtool is 0
/opt/sadmin/lib/sadmlib_std.sh: line 211: /opt/sadmin/log/mdebian9_sadm_prereq_install.log: No such file or directory
2018.02.23 14:56:24  
/opt/sadmin/lib/sadmlib_std.sh: line 211: /opt/sadmin/log/mdebian9_sadm_prereq_install.log: No such file or directory
2018.02.23 14:56:25 Resynchronize package index files from their sources via Internet
/opt/sadmin/lib/sadmlib_std.sh: line 211: /opt/sadmin/log/mdebian9_sadm_prereq_install.log: No such file or directory
2018.02.23 14:56:25 Running "apt-get update"
/opt/sadmin/lib/sadmlib_std.sh: line 211: /opt/sadmin/log/mdebian9_sadm_prereq_install.log: No such file or directory
2018.02.23 14:56:35 Return Code after apt-get update is 0
/opt/sadmin/lib/sadmlib_std.sh: line 211: /opt/sadmin/log/mdebian9_sadm_prereq_install.log: No such file or directory
2018.02.23 14:56:35 Installing the Package mailutils now
/opt/sadmin/lib/sadmlib_std.sh: line 211: /opt/sadmin/log/mdebian9_sadm_prereq_install.log: No such file or directory
2018.02.23 14:56:35 apt-get -y install mailutils
/opt/sadmin/lib/sadmlib_std.sh: line 211: /opt/sadmin/log/mdebian9_sadm_prereq_install.log: No such file or directory
Reading package lists... Done
Building dependency tree       
Reading state information... Done
The following package was automatically installed and is no longer required:
  linux-image-4.9.0-4-amd64
Use 'apt autoremove' to remove it.
The following additional packages will be installed:
  exim4-base exim4-config exim4-daemon-light guile-2.0-libs libgsasl7 libkyotocabinet16v5 libmailutils5 libmariadbclient18 libntlm0
  mailutils-common mysql-common
Suggested packages:
  eximon4 exim4-doc-html | exim4-doc-info spf-tools-perl swaks mailutils-mh mailutils-doc
The following NEW packages will be installed:
  exim4-base exim4-config exim4-daemon-light guile-2.0-libs libgsasl7 libkyotocabinet16v5 libmailutils5 libmariadbclient18 libntlm0
  mailutils mailutils-common mysql-common
0 upgraded, 12 newly installed, 0 to remove and 0 not upgraded.
Need to get 7,586 kB of archives.
After this operation, 26.6 MB of additional disk space will be used.
Get:1 http://security.debian.org/debian-security stretch/updates/main amd64 exim4-config all 4.89-2+deb9u3 [377 kB]
Get:2 http://security.debian.org/debian-security stretch/updates/main amd64 exim4-base amd64 4.89-2+deb9u3 [1,093 kB]
Get:3 http://security.debian.org/debian-security stretch/updates/main amd64 exim4-daemon-light amd64 4.89-2+deb9u3 [542 kB]
Get:4 http://debian.mirror.iweb.ca/debian stretch/main amd64 guile-2.0-libs amd64 2.0.13+1-4 [2,232 kB]
Get:5 http://debian.mirror.iweb.ca/debian stretch/main amd64 libntlm0 amd64 1.4-8 [20.9 kB]                                         
Get:6 http://debian.mirror.iweb.ca/debian stretch/main amd64 libgsasl7 amd64 1.8.0-8+b2 [207 kB]                                    
Get:7 http://debian.mirror.iweb.ca/debian stretch/main amd64 libkyotocabinet16v5 amd64 1.2.76-4.2+b1 [298 kB]                       
Get:8 http://debian.mirror.iweb.ca/debian stretch/main amd64 mailutils-common all 1:3.1.1-1 [642 kB]                                
Get:9 http://debian.mirror.iweb.ca/debian stretch/main amd64 mysql-common all 5.8+1.0.2 [5,608 B]                                   
Get:10 http://debian.mirror.iweb.ca/debian stretch/main amd64 libmariadbclient18 amd64 10.1.26-0+deb9u1 [779 kB]                    
Get:11 http://debian.mirror.iweb.ca/debian stretch/main amd64 libmailutils5 amd64 1:3.1.1-1 [817 kB]                                
Get:12 http://debian.mirror.iweb.ca/debian stretch/main amd64 mailutils amd64 1:3.1.1-1 [573 kB]                                    
Fetched 7,586 kB in 13s (551 kB/s)                                                                                                  
Preconfiguring packages ...
Selecting previously unselected package exim4-config.
(Reading database ... 145913 files and directories currently installed.)
Preparing to unpack .../00-exim4-config_4.89-2+deb9u3_all.deb ...
Unpacking exim4-config (4.89-2+deb9u3) ...
Selecting previously unselected package exim4-base.
Preparing to unpack .../01-exim4-base_4.89-2+deb9u3_amd64.deb ...
Unpacking exim4-base (4.89-2+deb9u3) ...
Selecting previously unselected package exim4-daemon-light.
Preparing to unpack .../02-exim4-daemon-light_4.89-2+deb9u3_amd64.deb ...
Unpacking exim4-daemon-light (4.89-2+deb9u3) ...
Selecting previously unselected package guile-2.0-libs:amd64.
Preparing to unpack .../03-guile-2.0-libs_2.0.13+1-4_amd64.deb ...
Unpacking guile-2.0-libs:amd64 (2.0.13+1-4) ...
Selecting previously unselected package libntlm0:amd64.
Preparing to unpack .../04-libntlm0_1.4-8_amd64.deb ...
Unpacking libntlm0:amd64 (1.4-8) ...
Selecting previously unselected package libgsasl7.
Preparing to unpack .../05-libgsasl7_1.8.0-8+b2_amd64.deb ...
Unpacking libgsasl7 (1.8.0-8+b2) ...
Selecting previously unselected package libkyotocabinet16v5:amd64.
Preparing to unpack .../06-libkyotocabinet16v5_1.2.76-4.2+b1_amd64.deb ...
Unpacking libkyotocabinet16v5:amd64 (1.2.76-4.2+b1) ...
Selecting previously unselected package mailutils-common.
Preparing to unpack .../07-mailutils-common_1%3a3.1.1-1_all.deb ...
Unpacking mailutils-common (1:3.1.1-1) ...
Selecting previously unselected package mysql-common.
Preparing to unpack .../08-mysql-common_5.8+1.0.2_all.deb ...
Unpacking mysql-common (5.8+1.0.2) ...
Selecting previously unselected package libmariadbclient18:amd64.
Preparing to unpack .../09-libmariadbclient18_10.1.26-0+deb9u1_amd64.deb ...
Unpacking libmariadbclient18:amd64 (10.1.26-0+deb9u1) ...
Selecting previously unselected package libmailutils5:amd64.
Preparing to unpack .../10-libmailutils5_1%3a3.1.1-1_amd64.deb ...
Unpacking libmailutils5:amd64 (1:3.1.1-1) ...
Selecting previously unselected package mailutils.
Preparing to unpack .../11-mailutils_1%3a3.1.1-1_amd64.deb ...
Unpacking mailutils (1:3.1.1-1) ...
Setting up exim4-config (4.89-2+deb9u3) ...
Adding system-user for exim (v4)
Setting up mysql-common (5.8+1.0.2) ...
update-alternatives: using /etc/mysql/my.cnf.fallback to provide /etc/mysql/my.cnf (my.cnf) in auto mode
Setting up libmariadbclient18:amd64 (10.1.26-0+deb9u1) ...
Setting up exim4-base (4.89-2+deb9u3) ...
exim: DB upgrade, deleting hints-db
Setting up libntlm0:amd64 (1.4-8) ...
Processing triggers for libc-bin (2.24-11+deb9u1) ...
Setting up guile-2.0-libs:amd64 (2.0.13+1-4) ...
Processing triggers for systemd (232-25+deb9u1) ...
Processing triggers for man-db (2.7.6.1-2) ...
Setting up exim4-daemon-light (4.89-2+deb9u3) ...
Initializing GnuTLS DH parameter file
Setting up libkyotocabinet16v5:amd64 (1.2.76-4.2+b1) ...
Setting up mailutils-common (1:3.1.1-1) ...
Setting up libgsasl7 (1.8.0-8+b2) ...
Setting up libmailutils5:amd64 (1:3.1.1-1) ...
Setting up mailutils (1:3.1.1-1) ...
update-alternatives: using /usr/bin/frm.mailutils to provide /usr/bin/frm (frm) in auto mode
update-alternatives: using /usr/bin/from.mailutils to provide /usr/bin/from (from) in auto mode
update-alternatives: using /usr/bin/messages.mailutils to provide /usr/bin/messages (messages) in auto mode
update-alternatives: using /usr/bin/movemail.mailutils to provide /usr/bin/movemail (movemail) in auto mode
update-alternatives: using /usr/bin/readmsg.mailutils to provide /usr/bin/readmsg (readmsg) in auto mode
update-alternatives: using /usr/bin/dotlock.mailutils to provide /usr/bin/dotlock (dotlock) in auto mode
update-alternatives: using /usr/bin/mail.mailutils to provide /usr/bin/mailx (mailx) in auto mode
Processing triggers for libc-bin (2.24-11+deb9u1) ...
2018.02.23 14:57:02 Return Code after installation of mailutils is 0
/opt/sadmin/lib/sadmlib_std.sh: line 211: /opt/sadmin/log/mdebian9_sadm_prereq_install.log: No such file or directory
2018.02.23 14:57:02  
/opt/sadmin/lib/sadmlib_std.sh: line 211: /opt/sadmin/log/mdebian9_sadm_prereq_install.log: No such file or directory

SADMIN Requirements Verification - v1.8
============================================
touch: cannot touch '/opt/sadmin/tmp/sadm_prereq_install_E.log': No such file or directory
chmod: cannot access '/opt/sadmin/tmp/sadm_prereq_install_E.log': No such file or directory
chown: cannot access '/opt/sadmin/tmp/sadm_prereq_install_E.log': No such file or directory
2018.02.23 14:57:44 Checking if sadmin group is created
2018.02.23 14:57:44 Group sadmin already Created [OK]
2018.02.23 14:57:44  
2018.02.23 14:57:44 Checking if sadmin user is created
2018.02.23 14:57:44 User sadmin already Created [OK]
2018.02.23 14:57:44  
2018.02.23 14:57:44 RUNNING IN DRYRUN MODE - NOTHING WILL BE INSTALL
2018.02.23 14:57:44  
2018.02.23 14:57:44 Checking availability of command which
2018.02.23 14:57:44 Command "which" is available [OK]
2018.02.23 14:57:44  
2018.02.23 14:57:44 Checking availability of command nmon
2018.02.23 14:57:44 Command "nmon" is available [OK]
2018.02.23 14:57:44  
2018.02.23 14:57:44 Checking availability of command mail
2018.02.23 14:57:44 Command "mail" is available [OK]
2018.02.23 14:57:44  
2018.02.23 14:57:44 Checking availability of command ethtool
2018.02.23 14:57:44 Command "ethtool" is available [OK]
2018.02.23 14:57:44  
2018.02.23 14:57:44 Checking availability of command lsb_release
2018.02.23 14:57:44 Command "lsb_release" is available [OK]
2018.02.23 14:57:44  
2018.02.23 14:57:44 Checking availability of command dmidecode
2018.02.23 14:57:44 Command "dmidecode" is available [OK]
2018.02.23 14:57:44  
2018.02.23 14:57:44 Checking availability of command fdisk
2018.02.23 14:57:44 Command "fdisk" is available [OK]
2018.02.23 14:57:44  
2018.02.23 14:57:44 Checking availability of command lscpu
2018.02.23 14:57:44 Command "lscpu" is available [OK]
2018.02.23 14:57:44  
2018.02.23 14:57:45 Checking availability of command bc
2018.02.23 14:57:45 Command "bc" is available [OK]
2018.02.23 14:57:45  
2018.02.23 14:57:45 Checking availability of command parted
2018.02.23 14:57:45 Command "parted" is available [OK]
2018.02.23 14:57:45  
2018.02.23 14:57:45 Checking availability of command cfg2html
2018.02.23 14:57:45 Installing "cfg2html"
2018.02.23 14:57:45 Current O/S is DEBIAN - Version 9
2018.02.23 14:57:45 dpkg --install --force-confold /opt/sadmin/pkg/cfg2html/cfg2html.deb
Selecting previously unselected package cfg2html-linux.
(Reading database ... 146898 files and directories currently installed.)
Preparing to unpack .../pkg/cfg2html/cfg2html.deb ...
Unpacking cfg2html-linux (2.94-2) ...
Setting up cfg2html-linux (2.94-2) ...
Processing triggers for man-db (2.7.6.1-2) ...
2018.02.23 14:57:46  
2018.02.23 14:57:46 Checking availability of Perl Module 'DateTime'
2018.02.23 14:57:46 Would Installing Package libdatetime-perl libwww-perl
2018.02.23 14:57:46 Would run apt-get update
2018.02.23 14:57:46 Would run apt-get -y install libdatetime-perl libwww-perl
2018.02.23 14:57:46  
2018.02.23 14:57:46  
root@mdebian9:/opt/sadmin/bin# 
========================================================================
Install vscode git (configure git author ...), 
git config --global user.name "Jacques Duplessis - mdebian9"
git config --global user.email duplessis.jacques@gmail.com
filezilla and configure holmes
favorites applications
firefox browser setup

cd /opt
git clone https://jadupl2@bitbucket.org/jadupl2/sadmin.git


for server ask for rrdtool location if not installed
database creation if on server
Mysql installed
apache install and apache user and group
build sql to create mysql database
ask user (ro and rw) and password, host and port for db




jacques@mdebian9:/opt$ su - 
Password: 

-----
root@mdebian9:~# cd /opt


-----
root@mdebian9:/opt#  git clone https://jadupl2@bitbucket.org/jadupl2/sadmin.git
Cloning into 'sadmin'...
Password for 'https://jadupl2@bitbucket.org': 
remote: Counting objects: 6456, done.
remote: Compressing objects: 100% (2651/2651), done.
remote: Total 6456 (delta 4028), reused 5957 (delta 3596)
Receiving objects: 100% (6456/6456), 38.42 MiB | 4.02 MiB/s, done.
Resolving deltas: 100% (4028/4028), done.


-----
root@mdebian9:/opt# ls -l
total 4
drwxr-xr-x 11 root root 4096 Feb 19 19:49 sadmin
root@mdebian9:/opt# 


-----
root@mdebian9:/opt# cd sadmin/bin
root@mdebian9:/opt/sadmin/bin# ./sadm_setup.py 

The Python Module to access MySQL is not installed : No module named 'pymysql' 
We need to install it before continuying

If you are on Debian,Raspbian,Ubuntu family type the following command to install it:
sudo apt-get install python3-pip
sudo pip3 install PyMySQL
After run sadm_setup.py again, to continue installation of SADMIN Tools

If you are on Redhat, CentOS, Fedora family type the following command to install it:
sudo yum --enablerepo=epel install python34-pip
sudo pip3 install pymysql
After run sadm_setup.py again, to continue installation of SADMIN Tools
root@mdebian9:/opt/sadmin/bin# 

-----
root@mdebian9:/opt/sadmin/bin# apt-get install -y python3-pip
Reading package lists... Done
Building dependency tree       
Reading state information... Done

-----
root@mdebian9:/opt/sadmin/bin# pip3 install PyMySQL
Collecting PyMySQL
  Downloading PyMySQL-0.8.0-py2.py3-none-any.whl (83kB)
    100% |████████████████████████████████| 92kB 2.1MB/s 
Installing collected packages: PyMySQL
Successfully installed PyMySQL-0.8.0
root@mdebian9:/opt/sadmin/bin# 

-----
SADMIN Setup V1.0e
------------------
Enter directory path where your install SADMIN : /opt/sadmin

----------
[OK] SADMIN Environment variable is set to /opt/sadmin
      - The line below is in /etc/environment
      - SADMIN=/opt/sadmin
      - This will make sure it is set upon reboot
Initial sadmin.cfg file in place.

-----
Creatig SADMIN Tools Instance


[WARNING] Command 'facter' couldn't be found
If available, it should be install
You may want to run 'sadm_prereq_install.sh' to list any missing commands
After that you can run 'sadm_prereq_install.sh -y' to install them

[WARNING] Command 'mail' couldn't be found
If available, it should be install
You may want to run 'sadm_prereq_install.sh' to list any missing commands
After that you can run 'sadm_prereq_install.sh -y' to install them

[WARNING] Command 'nmon' couldn't be found
If available, it should be install
You may want to run 'sadm_prereq_install.sh' to list any missing commands
After that you can run 'sadm_prereq_install.sh -y' to install them

----------
[Client or Server]
Current host will be the SADMIN [S]erver or a [C]lient (S,C) : C

----------
[SADM_CIE_NAME]
This is where you specify your company name. 
This name that will appears in the heading of the web
interface and on some report and email that SADMIN produce. 
Enter your company name : The Batcave

----------
[SADM_MAIL_ADDR]
This field specify the email address of the system administrator.
It is used by SADMIN Tools to send various email. 
For example, you can request that the log of a script be sent when an 
error occured or every time is it run. (See SADM_MAIL_TYPE later on)
Multiple email can be specify, a comma must seperate each of them. 
Enter System Administrator Email : batman@batcave.com,robin@batcave.com

----------
[SADM_MAIL_TYPE]
Default option for sending email after a script is finish.
Can be overridden by changing SADM_MAIL_TYPE in the SADMIN definition section 
at the top of your script.
[0] = Never send email.
[1] = Only send the log when script finish with error.
[2] = Only send the log when script finish with success.
[3] = Always send the script log when script finish. 
Enter default email type : 1

----------
[SADM_SERVER]
Enter the name of the SADMIN Server - (MUST be fully qualified domain name)
This name can't be an alias in the DNS, it must be the real name of the server.
This is the server where the MySQL Database and SADMIN web site will reside.
It MUST be the result of the 'hostname' command on the SADMIN server.
 
Enter SADMIN (FQDN) server name : holmes.maison.ca

----------
[SADM_MAX_LOGLINE]
Every time that a script (python or bash script) that use SADMIN Tools is run,
it produce a log, in the dedicated directory ${SADMIN}/log.
The name of the Log file "[HOSTNAME]_sadm_[NAME_OF_SCRIPT].log".
Log are cumulative by default, but you can decide to overwrite the script log 
if you want.
In python your can set 'st.log_append = False' or 'SADM_LOG_APPEND="N"' in 
shell script to create a new log every time your script is started. 
SADM_MAX_LOGLINE represent the maximum number of lines you want to keep in each log file.
The log are automatically trimmed to this number at the end of your script.
This help us keeping our log to a reasonnable size.
Recommended size is 1000 as a starting point.
 
Enter maximum number of lines in a log file : 999

----------
[SADM_MAX_RCHLINE]
When a (python or shell) script using the SADMIN tools start and ends, it 
record the date/time and the ending status in what we call a 
RCH file ([R]eturn [C]ode [H]istory] file.
The *.rch filename are "[HOSTNAME]_sadm_[NAME_OF_SCRIPT].rch"
They are located in ${SADM_BASE_DIR}/dat/rch
You can use the "sadm_rch_scr_summary.sh" (You can also type "smon")
to display a summary of all "rch" files collected from the server farm.
Log are created/updated each time the function sadm_start() is called.
There is a log file per script, log are cumulative, they are never cleared
SADM_MAX_RCHLINE represent the maximum number of lines that each *.rch file
can contain. 
If your script is run daily, so value of 100 would keep an history 
of 50 days.
 
Enter maximum number of lines in a rch file : 99

----------
[SADM_SSH_PORT]
Standard Port for SSH is 22 
But if you use a different port put it here 
Enter the SSH port number used to connect to client : 32

----------
[SADM_DOMAIN]
Enter the default Domain to use when adding a new server 
Enter the default domain name : batcave.com

----------
[SADM_GROUP]
This is the SADMIN Tools main user group that have access to all SADMIN 
directories. Every day the housekeeping script will make sure that all 
files in the $SADMIN directories are own by this group. 
If others users need to access or used scripts located in $SADMIN, 
they must be part of this group.
The SADMIN default user group is 'sadmin'.
 
Enter the default user Group : sadmin
Creating group sadmin
Return code is 0

----------
[SADM_USER]
This is the SADMIN Tools main user that have access to all SADMIN directories.
Every day the housekeeping script will make sure that all files in the $SADMIN
directories are own by this user.
The SADMIN default user name is 'sadmin'.
 
Enter the default user name : sadmin
Creating user sadmin
Return code is 0

----------
[SADM_NETWORK1]
Every day SADMIN will check the IP utilisation on your network. The result 
will be visible on a web page. You will be able to tell what IP are in use 
(respond to ping) and what DNS name each IP has (if any). So this information
will be able to tell what IP is free to use and the one that are in use.
It will facilitate, the clean up of your DNS and IP usage.
The network should be specify in this form, '192.168.0.0/24'. 
Enter the network IP and netmask : 192.168.1.0/24

root@mdebian9:/opt/sadmin/bin# 



-----
root@mdebian9:/opt/sadmin/bin# ./sadm_prereq_install.sh
./sadm_prereq_install.sh: line 363: sadm_start: command not found
./sadm_prereq_install.sh: line 364: sadm_is_root: command not found

Script can only be run by the 'root' user
Process aborted./sadm_prereq_install.sh: line 367: sadm_stop: command not found
root@mdebian9:/opt/sadmin/bin# 


-----
root@mdebian9:/opt/sadmin/bin# ./sadm_prereq_install.sh
Please assign SADMIN Env. Variable to install directory
root@mdebian9:/opt/sadmin/bin# echo $SADMIN

root@mdebian9:/opt/sadmin/bin# . /etc/environment
root@mdebian9:/opt/sadmin/bin# echo $SADMIN
/opt/sadmin
root@mdebian9:/opt/sadmin/bin# ./sadm_prereq_install.sh
root@mdebian9:/opt/sadmin/bin# export SADMIN
root@mdebian9:/opt/sadmin/bin# ./sadm_prereq_install.sh

root@mdebian9:/opt/sadmin/bin# ./sadm_prereq_install.sh
2018.02.19 20:38:20 Resynchronize package index files from their sources via Internet
2018.02.19 20:38:20 Running "apt-get update"
2018.02.19 20:38:22 Return Code after apt-get update is 0
2018.02.19 20:38:22 Installing the Package nmon now
2018.02.19 20:38:22 apt-get -y install nmon
Reading package lists... Done
Building dependency tree       
Reading state information... Done
The following NEW packages will be installed:
  nmon
0 upgraded, 1 newly installed, 0 to remove and 0 not upgraded.
Need to get 64.1 kB of archives.
After this operation, 174 kB of additional disk space will be used.
Get:1 http://debian.mirror.iweb.ca/debian stretch/main amd64 nmon amd64 16f+debian-0.1 [64.1 kB]
Fetched 64.1 kB in 0s (562 kB/s)
Selecting previously unselected package nmon.
(Reading database ... 147818 files and directories currently installed.)
Preparing to unpack .../nmon_16f+debian-0.1_amd64.deb ...
Unpacking nmon (16f+debian-0.1) ...
Setting up nmon (16f+debian-0.1) ...
Processing triggers for man-db (2.7.6.1-2) ...
2018.02.19 20:38:25 Return Code after installation of nmon is 0
2018.02.19 20:38:25  
2018.02.19 20:38:25 Resynchronize package index files from their sources via Internet
2018.02.19 20:38:25 Running "apt-get update"
2018.02.19 20:38:26 Return Code after apt-get update is 0
2018.02.19 20:38:26 Installing the Package ethtool now
2018.02.19 20:38:26 apt-get -y install ethtool
Reading package lists... Done
Building dependency tree       
Reading state information... Done
The following NEW packages will be installed:
  ethtool
0 upgraded, 1 newly installed, 0 to remove and 0 not upgraded.
Need to get 113 kB of archives.
After this operation, 381 kB of additional disk space will be used.
Get:1 http://debian.mirror.iweb.ca/debian stretch/main amd64 ethtool amd64 1:4.8-1+b1 [113 kB]
Fetched 113 kB in 0s (1,011 kB/s)
Selecting previously unselected package ethtool.
(Reading database ... 147823 files and directories currently installed.)
Preparing to unpack .../ethtool_1%3a4.8-1+b1_amd64.deb ...
Unpacking ethtool (1:4.8-1+b1) ...
Processing triggers for man-db (2.7.6.1-2) ...
Setting up ethtool (1:4.8-1+b1) ...
2018.02.19 20:38:29 Return Code after installation of ethtool is 0
2018.02.19 20:38:29  
2018.02.19 20:38:29 Resynchronize package index files from their sources via Internet
2018.02.19 20:38:29 Running "apt-get update"
2018.02.19 20:38:30 Return Code after apt-get update is 0
2018.02.19 20:38:30 Installing the Package mailutils now
2018.02.19 20:38:30 apt-get -y install mailutils
Reading package lists... Done
Building dependency tree       
Reading state information... Done
The following additional packages will be installed:
  exim4-base exim4-config exim4-daemon-light guile-2.0-libs libgsasl7 libkyotocabinet16v5 libmailutils5 libmariadbclient18 libntlm0
  mailutils-common mysql-common
Suggested packages:
  eximon4 exim4-doc-html | exim4-doc-info spf-tools-perl swaks mailutils-mh mailutils-doc
The following NEW packages will be installed:
  exim4-base exim4-config exim4-daemon-light guile-2.0-libs libgsasl7 libkyotocabinet16v5 libmailutils5 libmariadbclient18 libntlm0
  mailutils mailutils-common mysql-common
0 upgraded, 12 newly installed, 0 to remove and 0 not upgraded.
Need to get 7,586 kB of archives.
After this operation, 26.6 MB of additional disk space will be used.
Get:1 http://debian.mirror.iweb.ca/debian stretch/main amd64 guile-2.0-libs amd64 2.0.13+1-4 [2,232 kB]
Get:2 http://security.debian.org/debian-security stretch/updates/main amd64 exim4-config all 4.89-2+deb9u3 [377 kB]
Get:3 http://security.debian.org/debian-security stretch/updates/main amd64 exim4-base amd64 4.89-2+deb9u3 [1,093 kB]
Get:4 http://debian.mirror.iweb.ca/debian stretch/main amd64 libntlm0 amd64 1.4-8 [20.9 kB]
Get:5 http://debian.mirror.iweb.ca/debian stretch/main amd64 libgsasl7 amd64 1.8.0-8+b2 [207 kB]
Get:6 http://debian.mirror.iweb.ca/debian stretch/main amd64 libkyotocabinet16v5 amd64 1.2.76-4.2+b1 [298 kB]
Get:7 http://security.debian.org/debian-security stretch/updates/main amd64 exim4-daemon-light amd64 4.89-2+deb9u3 [542 kB]
Get:8 http://debian.mirror.iweb.ca/debian stretch/main amd64 mailutils-common all 1:3.1.1-1 [642 kB]
Get:9 http://debian.mirror.iweb.ca/debian stretch/main amd64 mysql-common all 5.8+1.0.2 [5,608 B]   
Get:10 http://debian.mirror.iweb.ca/debian stretch/main amd64 libmariadbclient18 amd64 10.1.26-0+deb9u1 [779 kB]
Get:11 http://debian.mirror.iweb.ca/debian stretch/main amd64 libmailutils5 amd64 1:3.1.1-1 [817 kB]
Get:12 http://debian.mirror.iweb.ca/debian stretch/main amd64 mailutils amd64 1:3.1.1-1 [573 kB]
Fetched 7,586 kB in 2s (3,551 kB/s)
Preconfiguring packages ...
Selecting previously unselected package exim4-config.
(Reading database ... 147835 files and directories currently installed.)
Preparing to unpack .../00-exim4-config_4.89-2+deb9u3_all.deb ...
Unpacking exim4-config (4.89-2+deb9u3) ...
Selecting previously unselected package exim4-base.
Preparing to unpack .../01-exim4-base_4.89-2+deb9u3_amd64.deb ...
Unpacking exim4-base (4.89-2+deb9u3) ...
Selecting previously unselected package exim4-daemon-light.
Preparing to unpack .../02-exim4-daemon-light_4.89-2+deb9u3_amd64.deb ...
Unpacking exim4-daemon-light (4.89-2+deb9u3) ...
Selecting previously unselected package guile-2.0-libs:amd64.
Preparing to unpack .../03-guile-2.0-libs_2.0.13+1-4_amd64.deb ...
Unpacking guile-2.0-libs:amd64 (2.0.13+1-4) ...
Selecting previously unselected package libntlm0:amd64.
Preparing to unpack .../04-libntlm0_1.4-8_amd64.deb ...
Unpacking libntlm0:amd64 (1.4-8) ...
Selecting previously unselected package libgsasl7.
Preparing to unpack .../05-libgsasl7_1.8.0-8+b2_amd64.deb ...
Unpacking libgsasl7 (1.8.0-8+b2) ...
Selecting previously unselected package libkyotocabinet16v5:amd64.
Preparing to unpack .../06-libkyotocabinet16v5_1.2.76-4.2+b1_amd64.deb ...
Unpacking libkyotocabinet16v5:amd64 (1.2.76-4.2+b1) ...
Selecting previously unselected package mailutils-common.
Preparing to unpack .../07-mailutils-common_1%3a3.1.1-1_all.deb ...
Unpacking mailutils-common (1:3.1.1-1) ...
Selecting previously unselected package mysql-common.
Preparing to unpack .../08-mysql-common_5.8+1.0.2_all.deb ...
Unpacking mysql-common (5.8+1.0.2) ...
Selecting previously unselected package libmariadbclient18:amd64.
Preparing to unpack .../09-libmariadbclient18_10.1.26-0+deb9u1_amd64.deb ...
Unpacking libmariadbclient18:amd64 (10.1.26-0+deb9u1) ...
Selecting previously unselected package libmailutils5:amd64.
Preparing to unpack .../10-libmailutils5_1%3a3.1.1-1_amd64.deb ...
Unpacking libmailutils5:amd64 (1:3.1.1-1) ...
Selecting previously unselected package mailutils.
Preparing to unpack .../11-mailutils_1%3a3.1.1-1_amd64.deb ...
Unpacking mailutils (1:3.1.1-1) ...
Setting up exim4-config (4.89-2+deb9u3) ...
Adding system-user for exim (v4)
Setting up mysql-common (5.8+1.0.2) ...
update-alternatives: using /etc/mysql/my.cnf.fallback to provide /etc/mysql/my.cnf (my.cnf) in auto mode
Setting up libmariadbclient18:amd64 (10.1.26-0+deb9u1) ...
Setting up exim4-base (4.89-2+deb9u3) ...
exim: DB upgrade, deleting hints-db
Setting up libntlm0:amd64 (1.4-8) ...
Processing triggers for libc-bin (2.24-11+deb9u1) ...
Setting up guile-2.0-libs:amd64 (2.0.13+1-4) ...
Processing triggers for systemd (232-25+deb9u1) ...
Processing triggers for man-db (2.7.6.1-2) ...
Setting up exim4-daemon-light (4.89-2+deb9u3) ...
Initializing GnuTLS DH parameter file
Setting up libkyotocabinet16v5:amd64 (1.2.76-4.2+b1) ...
Setting up mailutils-common (1:3.1.1-1) ...
Setting up libgsasl7 (1.8.0-8+b2) ...
Setting up libmailutils5:amd64 (1:3.1.1-1) ...
Setting up mailutils (1:3.1.1-1) ...
update-alternatives: using /usr/bin/frm.mailutils to provide /usr/bin/frm (frm) in auto mode
update-alternatives: using /usr/bin/from.mailutils to provide /usr/bin/from (from) in auto mode
update-alternatives: using /usr/bin/messages.mailutils to provide /usr/bin/messages (messages) in auto mode
update-alternatives: using /usr/bin/movemail.mailutils to provide /usr/bin/movemail (movemail) in auto mode
update-alternatives: using /usr/bin/readmsg.mailutils to provide /usr/bin/readmsg (readmsg) in auto mode
update-alternatives: using /usr/bin/dotlock.mailutils to provide /usr/bin/dotlock (dotlock) in auto mode
update-alternatives: using /usr/bin/mail.mailutils to provide /usr/bin/mailx (mailx) in auto mode
Processing triggers for libc-bin (2.24-11+deb9u1) ...
2018.02.19 20:38:39 Return Code after installation of mailutils is 0
2018.02.19 20:38:39  

SADMIN Requirements Verification - v1.1
============================================
Checking if sadmin group is created
Group sadmin already Created [OK]
 
Checking if sadmin user is created
User sadmin already Created [OK]
 
RUNNING IN DRYRUN MODE - NOTHING WILL BE INSTALL

Checking availability of command which
Command "which" is available [OK]
 
Checking availability of command nmon
Command "nmon" is available [OK]
 
Checking availability of command mail
Command "mail" is available [OK]
 
Checking availability of command ethtool
Command "ethtool" is available [OK]
 
Checking availability of command lsb_release
Command "lsb_release" is available [OK]
 
Checking availability of command dmidecode
Command "dmidecode" is available [OK]
 
Checking availability of command fdisk
Command "fdisk" is available [OK]
 
Checking availability of command lscpu
Command "lscpu" is available [OK]
 
Checking availability of command bc
Command "bc" is available [OK]
 
Checking availability of command parted
Command "parted" is available [OK]
 
Checking availability of command cfg2html
Installing "cfg2html"
Current O/S is DEBIAN - Version 9
dpkg --install --force-confold /opt/sadmin/pkg/cfg2html/cfg2html.debSelecting previously unselected package cfg2html-linux.
(Reading database ... 148820 files and directories currently installed.)
Preparing to unpack .../pkg/cfg2html/cfg2html.deb ...
Unpacking cfg2html-linux (2.94-2) ...
Setting up cfg2html-linux (2.94-2) ...
Processing triggers for man-db (2.7.6.1-2) ...

 
Checking availability of Perl Module 'DateTime'
Current O/S is DEBIAN - Version 9
 
 root@mdebian9:/opt/sadmin/bin# 


-----


-----
-----
-----
