# partition table of /dev/sda
unit: sectors

/dev/sda1 : start=     2048, size=   271057, Id=83, bootable
/dev/sda2 : start=   273105, size=116953200, Id=8e
/dev/sda3 : start=        0, size=        0, Id= 0
/dev/sda4 : start=        0, size=        0, Id= 0
# partition table of /dev/sdb
unit: sectors

/dev/sdb1 : start=       63, size= 33543657, Id=83
/dev/sdb2 : start=        0, size=        0, Id= 0
/dev/sdb3 : start=        0, size=        0, Id= 0
/dev/sdb4 : start=        0, size=        0, Id= 0
# partition table of /dev/sdc
unit: sectors

/dev/sdc1 : start=       63, size= 33543657, Id=8e
/dev/sdc2 : start=        0, size=        0, Id= 0
/dev/sdc3 : start=        0, size=        0, Id= 0
/dev/sdc4 : start=        0, size=        0, Id= 0
# partition table of /dev/sdd
unit: sectors

/dev/sdd1 : start=       32, size=   204768, Id=8e
/dev/sdd2 : start=        0, size=        0, Id= 0
/dev/sdd3 : start=        0, size=        0, Id= 0
/dev/sdd4 : start=        0, size=        0, Id= 0
